{
  "version": "1.0.0",
  "results": [
    {
      "type": "Hex High Entropy String",
      "filename": "core/vault999/layer4_survivability/cold_storage/attestation_chain.jsonl",
      "line_number": 1,
      "hashed_secret": "a9fc5a93d8d40c8c1c1c1c1c1c1c1c1c1c1c1c1c",
      "is_secret": false,
      "is_known": true,
      "justification": "Vault checksum - public cryptographic hash of sealed ledger entry"
    }
  ],
  "generated": "2026-04-26T10:50:00Z"
}