============================= test session starts =============================
platform win32 -- Python 3.14.0, pytest-8.4.2, pluggy-1.6.0 -- C:\Users\User\AppData\Local\Programs\Python\Python314\python.exe
cachedir: .pytest_cache
rootdir: c:\Users\User\OneDrive\Documents\GitHub\arifOS
configfile: pyproject.toml
plugins: anyio-4.11.0, asyncio-1.3.0, cov-7.0.0
asyncio: mode=Mode.STRICT, debug=False, asyncio_default_fixture_loop_scope=None, asyncio_default_test_loop_scope=function
collecting ... collected 4 items

tests/test_phoenix_72_guardrail.py::TestPhoenix72Guardrail::test_no_hardcoded_thresholds PASSED
tests/test_phoenix_72_guardrail.py::TestPhoenix72Guardrail::test_strict_mode_still_works PASSED
tests/test_phoenix_72_guardrail.py::TestPhoenix72Guardrail::test_entropy_constraint_satisfied PASSED
tests/test_phoenix_72_guardrail.py::TestPhoenix72Guardrail::test_full_guardrail_check PASSED

============================== 4 passed in 3.52s ==============================
