============================= test session starts =============================
platform win32 -- Python 3.14.3, pytest-9.0.2, pluggy-1.6.0
cachedir: C:\Users\User\AppData\Local\Temp\pytest_cache
rootdir: C:\ariffazil\arifOS
configfile: pyproject.toml
plugins: anyio-4.13.0, asyncio-1.3.0, cov-7.1.0
asyncio: mode=Mode.AUTO, debug=False, asyncio_default_fixture_loop_scope=None, asyncio_default_test_loop_scope=function
collected 467 items / 5 errors

=================================== ERRORS ====================================
_________ ERROR collecting tests/runtime/test_capability_map_gate.py __________
ImportError while importing test module 'C:\ariffazil\arifOS\tests\runtime\test_capability_map_gate.py'.
Hint: make sure your test modules/packages have valid Python names.
Traceback:
C:\Users\User\AppData\Local\Programs\Python\Python314\Lib\importlib\__init__.py:88: in import_module
    return _bootstrap._gcd_import(name[level:], package, level)
           ^^^^^^^^^^^^^^^^^^^^^^^^^^^^^^^^^^^^^^^^^^^^^^^^^^^^
tests\runtime\test_capability_map_gate.py:5: in <module>
    from arifosmcp.capability_map import (
E   ImportError: cannot import name 'MEGA_TOOLS' from 'arifosmcp.capability_map' (C:\ariffazil\arifOS\arifosmcp\capability_map.py)
______________ ERROR collecting tests/runtime/test_mega_audit.py ______________
ImportError while importing test module 'C:\ariffazil\arifOS\tests\runtime\test_mega_audit.py'.
Hint: make sure your test modules/packages have valid Python names.
Traceback:
C:\Users\User\AppData\Local\Programs\Python\Python314\Lib\importlib\__init__.py:88: in import_module
    return _bootstrap._gcd_import(name[level:], package, level)
           ^^^^^^^^^^^^^^^^^^^^^^^^^^^^^^^^^^^^^^^^^^^^^^^^^^^^
tests\runtime\test_mega_audit.py:24: in <module>
    from arifosmcp.runtime.tools import FINAL_TOOL_IMPLEMENTATIONS
E   ImportError: cannot import name 'FINAL_TOOL_IMPLEMENTATIONS' from 'arifosmcp.runtime.tools' (C:\ariffazil\arifOS\arifosmcp\runtime\tools.py)
___________ ERROR collecting tests/runtime/test_mega_tool_audit.py ____________
ImportError while importing test module 'C:\ariffazil\arifOS\tests\runtime\test_mega_tool_audit.py'.
Hint: make sure your test modules/packages have valid Python names.
Traceback:
C:\Users\User\AppData\Local\Programs\Python\Python314\Lib\importlib\__init__.py:88: in import_module
    return _bootstrap._gcd_import(name[level:], package, level)
           ^^^^^^^^^^^^^^^^^^^^^^^^^^^^^^^^^^^^^^^^^^^^^^^^^^^^
tests\runtime\test_mega_tool_audit.py:12: in <module>
    from arifosmcp.runtime.tools import register_tools
E   ImportError: cannot import name 'register_tools' from 'arifosmcp.runtime.tools' (C:\ariffazil\arifOS\arifosmcp\runtime\tools.py)
_________________ ERROR collecting tests/specs/test_specs.py __________________
ImportError while importing test module 'C:\ariffazil\arifOS\tests\specs\test_specs.py'.
Hint: make sure your test modules/packages have valid Python names.
Traceback:
C:\Users\User\AppData\Local\Programs\Python\Python314\Lib\importlib\__init__.py:88: in import_module
    return _bootstrap._gcd_import(name[level:], package, level)
           ^^^^^^^^^^^^^^^^^^^^^^^^^^^^^^^^^^^^^^^^^^^^^^^^^^^^
tests\specs\test_specs.py:14: in <module>
    from arifosmcp.specs import (
E   ModuleNotFoundError: No module named 'arifosmcp.specs'
___________ ERROR collecting tests/test_caller_context_envelope.py ____________
ImportError while importing test module 'C:\ariffazil\arifOS\tests\test_caller_context_envelope.py'.
Hint: make sure your test modules/packages have valid Python names.
Traceback:
C:\Users\User\AppData\Local\Programs\Python\Python314\Lib\importlib\__init__.py:88: in import_module
    return _bootstrap._gcd_import(name[level:], package, level)
           ^^^^^^^^^^^^^^^^^^^^^^^^^^^^^^^^^^^^^^^^^^^^^^^^^^^^
tests\test_caller_context_envelope.py:25: in <module>
    from arifosmcp.runtime.tools import _build_user_model, _resolve_caller_context
E   ImportError: cannot import name '_build_user_model' from 'arifosmcp.runtime.tools' (C:\ariffazil\arifOS\arifosmcp\runtime\tools.py)
============================== warnings summary ===============================
arifosmcp\.venv\Lib\site-packages\qdrant_client\qdrant_remote.py:288
  C:\ariffazil\arifOS\arifosmcp\.venv\Lib\site-packages\qdrant_client\qdrant_remote.py:288: UserWarning: Failed to obtain server version. Unable to check client-server compatibility. Set check_compatibility=False to skip version check.
    show_warning(

-- Docs: https://docs.pytest.org/en/stable/how-to/capture-warnings.html
=========================== short test summary info ===========================
ERROR tests/runtime/test_capability_map_gate.py
ERROR tests/runtime/test_mega_audit.py
ERROR tests/runtime/test_mega_tool_audit.py
ERROR tests/specs/test_specs.py
ERROR tests/test_caller_context_envelope.py
!!!!!!!!!!!!!!!!!!!!!!!!!! stopping after 5 failures !!!!!!!!!!!!!!!!!!!!!!!!!!
======================== 1 warning, 5 errors in 37.67s ========================
